// Jest Snapshot v1, https://goo.gl/fbAQLP

exports[`should render AddExpense 1`] = `
<div>
  <h2>
    AddExpense with expenses
  </h2>
  <ExpenseForm
    onSubmit={[Function]}
  />
  <hr />
</div>
`;
