// Jest Snapshot v1, https://goo.gl/fbAQLP

exports[`should render Dashboard component 1`] = `
<div>
  Dashboard
  <Connect(ExpensesListFilters) />
  <Connect(ExpensesList) />
  <Component
    info="There are the details"
    isAdmin={false}
  />
</div>
`;
