// Jest Snapshot v1, https://goo.gl/fbAQLP

exports[`should render NotFound component 1`] = `
<div>
  404 error! Page not Found
</div>
`;
